cargo : warning: unused imports: `Add` and `fmt::Error`
En línea: 1 Carácter: 1
+ cargo check --tests > errors.txt 2>&1
+ ~~~~~~~~~~~~~~~~~~~~~~~~~~~~~~~~~~~~~
    + CategoryInfo          : NotSpecified: (warning: unused...nd `fmt::Error`:String) [], RemoteException
    + FullyQualifiedErrorId : NativeCommandError
 
 --> C:\Users\aguso\Desktop\Facultad Informatica\Rust\marketplacedescentralizado\lib.rs:6:9
  |
6 |         fmt::Error,
  |         ^^^^^^^^^^
7 |         ops::{Add, Div, Rem},
  |               ^^^
  |
  = note: `#[warn(unused_imports)]` (part of `#[warn(unused)]`) on by default

warning: unused import: `xcm::v2::Junction::AccountId32`
  --> C:\Users\aguso\Desktop\Facultad Informatica\Rust\marketplacedescentralizado\lib.rs:13:9
   |
13 |         xcm::v2::Junction::AccountId32,
   |         ^^^^^^^^^^^^^^^^^^^^^^^^^^^^^^

warning: unused imports: `Decode` and `Encode`
  --> C:\Users\aguso\Desktop\Facultad Informatica\Rust\marketplacedescentralizado\lib.rs:15:17
   |
15 |     use scale::{Decode, Encode};
   |                 ^^^^^^  ^^^^^^

warning: unused import: `TypeInfo`
  --> C:\Users\aguso\Desktop\Facultad Informatica\Rust\marketplacedescentralizado\lib.rs:16:39
   |
16 |     use scale_info::{prelude::format, TypeInfo};
   |                                       ^^^^^^^^

warning: `marketplacedescentralizado` (lib) generated 4 warnings (run `cargo fix --lib -p marketplacedescentralizado` to apply 4 suggestions)
    Checking reportes v0.1.0 (C:\Users\aguso\Desktop\Facultad Informatica\Rust\ReportesView)
error[E0433]: failed to resolve: could not find `scale_derive` in `ink`
   --> lib.rs:239:19
    |
239 |     #[derive(ink::scale_derive::Encode)]
    |                   ^^^^^^^^^^^^ could not find `scale_derive` in `ink`

error[E0433]: failed to resolve: could not find `scale_derive` in `ink`
   --> lib.rs:245:19
    |
245 |     #[derive(ink::scale_derive::Encode)]
    |                   ^^^^^^^^^^^^ could not find `scale_derive` in `ink`

warning: unused import: `super::*`
 --> lib.rs:5:9
  |
5 |     use super::*;
  |         ^^^^^^^^
  |
  = note: `#[warn(unused_imports)]` (part of `#[warn(unused)]`) on by default

warning: unused import: `test::set_callee`
   --> lib.rs:154:15
    |
154 |         env::{test::set_callee, DefaultEnvironment},
    |               ^^^^^^^^^^^^^^^^

error[E0277]: the trait bound `MockUsuario: ink::parity_scale_codec::Encode` is not satisfied
   --> lib.rs:266:50
    |
266 |         let encoded = ink::scale::Encode::encode(&mock);
    |                       -------------------------- ^^^^^ unsatisfied trait bound
    |                       |
    |                       required by a bound introduced by this call
    |
help: the trait `WrapperTypeEncode` is not implemented for `MockUsuario`
   --> lib.rs:246:5
    |
246 |     struct MockUsuario {
    |     ^^^^^^^^^^^^^^^^^^
    = help: the following other types implement trait `WrapperTypeEncode`:
              &T
              &mut T
              Arc<T>
              Box<T>
              Cow<'_, T>
              Rc<T>
              Vec<T>
              bytes::bytes::Bytes
            and 3 others
    = note: required for `MockUsuario` to implement `ink::parity_scale_codec::Encode`

warning: variable does not need to be mutable
   --> lib.rs:115:41
    |
115 |             usuarios_filtrados.sort_by(|mut a, mut b| {
    |                                         ----^
    |                                         |
    |                                         help: remove this `mut`
    |
    = note: `#[warn(unused_mut)]` (part of `#[warn(unused)]`) on by default

warning: variable does not need to be mutable
   --> lib.rs:115:48
    |
115 |             usuarios_filtrados.sort_by(|mut a, mut b| {
    |                                                ----^
    |                                                |
    |                                                help: remove this `mut`

Some errors have detailed explanations: E0277, E0433.
For more information about an error, try `rustc --explain E0277`.
warning: `reportes` (lib test) generated 4 warnings
error: could not compile `reportes` (lib test) due to 3 previous errors; 4 warnings emitted
